files/14.csv
id,week,center_id,meal_id,checkout_price,base_price,emailer_for_promotion,homepage_featured,num_orders
1267044,42,14,2867,618.86,619.86,0,0,55
1182351,43,14,2867,618.86,619.86,0,0,28
1359302,44,14,2867,619.86,620.86,0,0,55
1392108,45,14,2867,619.86,620.86,0,0,40
1252575,46,14,2867,620.86,620.86,0,0,41
1267771,47,14,2867,618.86,618.86,0,0,27
1463125,48,14,2867,620.86,619.86,0,0,41
1176311,49,14,2867,618.86,620.86,0,0,15
1017329,51,14,2867,618.86,620.86,0,0,28
1046818,52,14,2867,388.03,618.86,1,0,393
1168778,53,14,2867,389.03,619.86,1,0,594
1497273,54,14,2867,620.86,619.86,0,0,27
1002373,55,14,2867,651.84,652.84,0,0,41
1165554,56,14,2867,619.86,618.86,0,0,14
1056357,57,14,2867,609.19,610.19,0,0,13
1079657,58,14,2867,608.19,609.19,0,0,27
1028756,59,14,2867,610.19,608.19,0,0,41
1418171,60,14,2867,486.03,609.19,1,0,109
1314541,61,14,2867,608.19,609.19,0,0,26
1182668,62,14,2867,608.19,609.19,0,0,15
1272305,64,14,2867,610.19,608.19,0,0,14
1131924,65,14,2867,486.03,609.19,1,1,54
1179942,66,14,2867,608.19,609.19,0,1,68
1105351,67,14,2867,609.19,609.19,0,0,42
1285082,68,14,2867,609.19,610.19,0,0,41
1349594,69,14,2867,484.03,610.19,1,0,190
1333304,70,14,2867,484.03,610.19,0,1,177
1184860,71,14,2867,611.13,610.13,0,0,14
1368808,72,14,2867,612.13,610.13,0,0,67
1495278,73,14,2867,610.13,612.13,0,0,27
1221921,74,14,2867,612.13,610.13,0,0,26
1384881,75,14,2867,611.13,610.13,0,0,26
1207221,76,14,2867,611.13,610.13,0,0,14
1242733,77,14,2867,589.79,589.79,0,0,53
1330023,78,14,2867,562.63,563.63,0,0,41
1383422,79,14,2867,561.63,561.63,0,0,14
1348982,80,14,2867,561.63,562.63,0,0,27
1495400,81,14,2867,668.33,668.33,0,0,55
1042353,82,14,2867,669.33,670.33,0,0,28
1127897,85,14,2867,669.33,668.33,0,0,27
1312551,87,14,2867,669.33,670.33,0,0,40
1325851,88,14,2867,669.33,669.33,0,0,27
1389773,89,14,2867,669.33,669.33,0,0,26
1144019,90,14,2867,462.72,670.33,1,1,122
1107085,91,14,2867,435.53,668.33,1,1,95
1315774,92,14,2867,668.33,669.33,0,0,54
1398147,94,14,2867,436.56,670.33,1,0,123
1146160,95,14,2867,436.56,670.33,1,0,149
1375500,97,14,2867,668.33,669.33,0,0,40
1302988,98,14,2867,668.33,668.33,0,0,27
1022710,99,14,2867,669.33,668.33,0,0,26
1095620,100,14,2867,435.53,669.33,0,0,215
1115354,101,14,2867,437.53,669.33,1,1,243
1105134,102,14,2867,669.33,668.33,0,0,26
1492830,103,14,2867,670.33,670.33,0,0,41
1122532,104,14,2867,668.33,670.33,0,0,26
1168468,105,14,2867,668.33,669.33,0,0,15
1266410,106,14,2867,454.93,669.33,0,0,175
1350053,107,14,2867,456.93,668.33,1,1,54
1472653,108,14,2867,670.33,670.33,0,0,68
1367057,109,14,2867,670.33,668.33,0,0,26
1033409,110,14,2867,670.33,670.33,0,0,82
1301036,111,14,2867,668.33,670.33,0,0,53
1290225,112,14,2867,669.33,670.33,0,0,28
1227577,113,14,2867,668.33,670.33,0,0,27
1188807,114,14,2867,687.73,689.73,0,0,14
1098332,115,14,2867,687.73,687.73,0,0,14
1155873,116,14,2867,687.73,687.73,0,0,28
1243202,117,14,2867,688.73,687.73,0,0,14
1360638,118,14,2867,689.73,688.73,0,0,41
1361478,121,14,2867,687.73,689.73,0,0,54
1472704,122,14,2867,449.11,687.73,1,1,284
1056253,123,14,2867,463.69,689.73,1,1,123
1095112,124,14,2867,688.73,687.73,0,1,40
1375443,127,14,2867,688.73,689.73,0,0,14
1420696,128,14,2867,688.73,688.73,0,0,41
1320989,130,14,2867,727.53,728.53,0,0,14
1471064,131,14,2867,727.53,728.53,0,0,94
1058972,133,14,2867,484.03,726.53,1,0,107
1327750,134,14,2867,486.03,728.53,1,1,67
1365962,135,14,2867,727.53,728.53,0,0,54
1498007,136,14,2867,728.53,728.53,0,0,15
1429838,137,14,2867,726.53,726.53,0,0,13
1448865,138,14,2867,727.53,728.53,0,0,54
1185363,140,14,2867,726.53,726.53,0,0,40
1389984,142,14,2867,726.53,726.53,0,0,40
1146482,143,14,2867,486.03,726.53,0,1,163
1187950,144,14,2867,484.03,726.53,1,1,134
1169428,64,14,1571,630.53,630.53,0,0,15
1107661,65,14,1571,631.53,629.53,0,0,13
1354518,66,14,1571,631.53,630.53,0,0,13
1007688,71,14,1571,630.53,629.53,0,0,15
1343934,74,14,1571,583.03,583.03,0,0,14
1340135,75,14,1571,583.03,583.03,0,0,41
1051750,78,14,1571,582.03,582.03,0,0,42
1133550,79,14,1571,582.03,582.03,0,0,80
1388446,80,14,1571,581.03,583.03,0,0,13
1226754,81,14,1571,581.03,583.03,0,0,69
1475964,82,14,1571,583.03,581.03,0,0,13
1325580,86,14,1571,582.03,581.03,0,0,15
1210431,87,14,1571,581.03,583.03,0,0,40
1040075,88,14,1571,583.03,581.03,0,0,28
1010397,89,14,1571,583.03,581.03,0,0,14
1372905,92,14,1571,581.03,581.03,0,0,14
1405635,93,14,1571,630.53,631.53,0,0,13
1028076,95,14,1571,583.03,581.03,0,0,28
1284848,96,14,1571,583.03,581.03,0,0,14
1231829,98,14,1571,581.03,582.03,0,0,96
1300247,99,14,1571,583.03,582.03,0,0,28
1470189,100,14,1571,486.03,581.03,0,0,41
1369701,101,14,1571,484.03,581.03,0,0,162
1037420,103,14,1571,582.03,582.03,0,0,13
1238096,105,14,1571,581.03,582.03,0,0,55
1028413,109,14,1571,583.03,582.03,0,0,14
1494458,110,14,1571,583.03,583.03,0,0,14
1152382,111,14,1571,582.03,582.03,0,0,26
1115982,113,14,1571,582.03,581.03,0,0,42
1339067,116,14,1571,582.03,583.03,0,0,14
1453988,117,14,1571,582.03,583.03,0,0,26
1008252,118,14,1571,581.03,581.03,0,0,55
1123741,120,14,1571,581.03,582.03,0,0,13
1403378,121,14,1571,581.03,583.03,0,0,27
1221790,122,14,1571,581.03,582.03,0,0,14
1363939,123,14,1571,583.03,583.03,0,0,15
1116972,124,14,1571,583.03,583.03,0,0,28
1106726,125,14,1571,581.03,583.03,0,0,26
1269623,128,14,1571,631.53,629.53,0,0,42
1461807,129,14,1571,436.53,629.53,0,0,109
1383844,130,14,1571,437.53,631.53,1,0,68
1292126,131,14,1571,437.53,631.53,1,0,26
1403183,132,14,1571,436.53,629.53,0,0,27
1201540,133,14,1571,582.03,583.03,0,0,81
1476441,134,14,1571,583.03,583.03,0,0,26
1152825,138,14,1571,630.53,630.53,0,0,107
1018935,140,14,1571,486.03,630.53,0,0,68
1329644,141,14,1571,592.73,591.73,0,0,28
1218923,144,14,1571,591.73,592.73,0,0,40
1469347,145,14,1571,640.23,640.23,0,0,27
